============================= test session starts ==============================
platform linux -- Python 3.12.3, pytest-9.0.2, pluggy-1.6.0 -- /home/codeai/montage-ai/.venv/bin/python
cachedir: .pytest_cache
rootdir: /home/codeai/montage-ai
configfile: pytest.ini
testpaths: tests
plugins: anyio-4.12.0
collecting ... collected 679 items

tests/code_health/test_vulture_smoke.py::test_vulture_smoke PASSED       [  0%]
tests/integration/test_build_push_fallback.py::test_build_and_deploy_uses_ghcr_fallback PASSED [  0%]
tests/integration/test_cli_backend_integration.py::test_cli PASSED       [  0%]
tests/integration/test_cli_backend_integration.py::test_backend_health PASSED [  0%]
tests/integration/test_cli_backend_integration.py::test_api_mapping PASSED [  0%]
tests/integration/test_cli_backend_integration.py::test_redis PASSED     [  0%]
tests/integration/test_cli_backend_integration.py::test_job_creation SKIPPED [  1%]
tests/integration/test_cli_backend_integration.py::test_shorts_api PASSED [  1%]
tests/integration/test_cli_backend_integration.py::test_session_api PASSED [  1%]
tests/integration/test_dev_testjob.py::test_dev_testjob_enqueues_and_completes SKIPPED [  1%]
tests/integration/test_enqueue_redis.py::test_job_enqueued_into_redis_queue SKIPPED [  1%]
tests/integration/test_full_feature_matrix.py::test_full_feature_matrix PASSED [  1%]
tests/integration/test_nle_export.py::TestOTIOExport::test_otio_export_creates_valid_file PASSED [  1%]
tests/integration/test_nle_export.py::TestOTIOExport::test_otio_export_contains_all_clips PASSED [  2%]
tests/integration/test_nle_export.py::TestOTIOExport::test_otio_export_preserves_timing PASSED [  2%]
tests/integration/test_nle_export.py::TestEDLExport::test_edl_export_creates_valid_file PASSED [  2%]
tests/integration/test_nle_export.py::TestEDLExport::test_edl_export_has_valid_header PASSED [  2%]
tests/integration/test_nle_export.py::TestEDLExport::test_edl_export_has_valid_events PASSED [  2%]
tests/integration/test_nle_export.py::TestEDLExport::test_edl_timecode_format PASSED [  2%]
tests/integration/test_nle_export.py::TestNLECompatibility::test_davinci_resolve_otio_compatibility PASSED [  2%]
tests/integration/test_nle_export.py::TestNLECompatibility::test_premiere_edl_compatibility PASSED [  3%]
tests/integration/test_nle_export.py::TestNLECompatibility::test_fcpx_xml_export PASSED [  3%]
tests/integration/test_nle_export.py::TestRoundTrip::test_otio_roundtrip PASSED [  3%]
tests/integration/test_nle_export.py::test_generate_nle_test_files PASSED [  3%]
tests/integration/test_node_import_fallback.py::test_node_import_fallback_invoked PASSED [  3%]
tests/integration/test_preview_e2e_dev.py::test_enqueue_preview_and_produce_artifact_on_dev_cluster SKIPPED [  3%]
tests/integration/test_preview_slo.py::test_preview_slo_end_to_end SKIPPED [  3%]
tests/integration/test_preview_smoke_ci.py::test_preview_smoke_and_metrics SKIPPED [  4%]
tests/integration/test_queue_scaling.py::test_preview_jobs_scale_workers_and_complete SKIPPED [  4%]
tests/integration/test_real_media.py::TestRealVideoProcessing::test_ffprobe_reads_test_video PASSED [  4%]
tests/integration/test_real_media.py::TestRealVideoProcessing::test_video_has_expected_duration PASSED [  4%]
tests/integration/test_real_media.py::TestRealAudioProcessing::test_ffprobe_reads_test_audio PASSED [  4%]
tests/integration/test_real_media.py::TestRealAudioProcessing::test_audio_has_expected_duration PASSED [  4%]
tests/integration/test_real_media.py::TestBunnyTrailer::test_bunny_trailer_exists PASSED [  5%]
tests/integration/test_real_media.py::TestBunnyTrailer::test_bunny_trailer_is_valid_video PASSED [  5%]
tests/integration/test_transcript_flow_manual.py::test_transcript_flow SKIPPED [  5%]
tests/performance_tests/test_ai_connections.py::test_cgpu PASSED         [  5%]
tests/performance_tests/test_ai_connections.py::test_google_ai_direct PASSED [  5%]
tests/performance_tests/test_ai_connections.py::test_ollama PASSED       [  5%]
tests/performance_tests/test_all_features.py::test_intelligent_selector PASSED [  5%]
tests/performance_tests/test_all_features.py::test_vidstab PASSED        [  6%]
tests/performance_tests/test_all_features.py::test_content_aware_enhancement PASSED [  6%]
tests/performance_tests/test_all_features.py::test_color_matching PASSED [  6%]
tests/performance_tests/test_all_features.py::test_color_grading_presets PASSED [  6%]
tests/performance_tests/test_all_features.py::test_docker_setup PASSED   [  6%]
tests/performance_tests/test_cgpu_connection.py::test_connection PASSED  [  6%]
tests/performance_tests/test_cgpu_integration.py::TestCGPUIntegration::test_upscale_with_cgpu SKIPPED [  6%]
tests/performance_tests/test_gpu_encoding.py::test_platform_detection PASSED [  7%]
tests/performance_tests/test_gpu_encoding.py::test_encoder_availability PASSED [  7%]
tests/performance_tests/test_gpu_encoding.py::test_hwaccel_configs PASSED [  7%]
tests/performance_tests/test_gpu_encoding.py::test_encoder_router PASSED [  7%]
tests/performance_tests/test_gpu_encoding.py::test_cgpu_availability PASSED [  7%]
tests/performance_tests/test_gpu_encoding.py::test_actual_encoding PASSED [  7%]
tests/performance_tests/test_intelligent_selector.py::test_intelligent_selector PASSED [  7%]
tests/test_analysis_cache.py::TestCacheEntry::test_compute_file_hash_returns_string PASSED [  8%]
tests/test_analysis_cache.py::TestCacheEntry::test_compute_file_hash_changes_with_content PASSED [  8%]
tests/test_analysis_cache.py::TestCacheEntry::test_compute_file_hash_nonexistent_file PASSED [  8%]
tests/test_analysis_cache.py::TestAudioAnalysisEntry::test_create_entry PASSED [  8%]
tests/test_analysis_cache.py::TestSceneAnalysisEntry::test_create_entry PASSED [  8%]
tests/test_analysis_cache.py::TestAnalysisCache::test_save_and_load_audio PASSED [  8%]
tests/test_analysis_cache.py::TestAnalysisCache::test_load_audio_cache_miss PASSED [  8%]
tests/test_analysis_cache.py::TestAnalysisCache::test_load_audio_disabled_cache PASSED [  9%]
tests/test_analysis_cache.py::TestAnalysisCache::test_audio_cache_invalidation_on_file_change PASSED [  9%]
tests/test_analysis_cache.py::TestAnalysisCache::test_audio_cache_invalidation_on_ttl_expire PASSED [  9%]
tests/test_analysis_cache.py::TestAnalysisCache::test_audio_cache_invalidation_on_version_mismatch PASSED [  9%]
tests/test_analysis_cache.py::TestAnalysisCache::test_save_and_load_scenes PASSED [  9%]
tests/test_analysis_cache.py::TestAnalysisCache::test_save_scenes_with_scene_objects PASSED [  9%]
tests/test_analysis_cache.py::TestAnalysisCache::test_load_scenes_cache_miss PASSED [ 10%]
tests/test_analysis_cache.py::TestAnalysisCache::test_scene_cache_threshold_mismatch PASSED [ 10%]
tests/test_analysis_cache.py::TestAnalysisCache::test_scene_cache_threshold_tolerance PASSED [ 10%]
tests/test_analysis_cache.py::TestAnalysisCache::test_scene_cache_invalidation_on_file_change PASSED [ 10%]
tests/test_analysis_cache.py::TestAnalysisCache::test_clear_audio_cache PASSED [ 10%]
tests/test_analysis_cache.py::TestAnalysisCache::test_clear_scene_cache PASSED [ 10%]
tests/test_analysis_cache.py::TestAnalysisCache::test_clear_nonexistent_cache PASSED [ 10%]
tests/test_analysis_cache.py::TestAnalysisCache::test_disabled_cache_never_saves PASSED [ 11%]
tests/test_analysis_cache.py::TestGlobalCache::test_get_analysis_cache_returns_singleton PASSED [ 11%]
tests/test_analysis_cache.py::TestGlobalCache::test_reset_cache_clears_singleton PASSED [ 11%]
tests/test_analysis_cache.py::TestGlobalCache::test_cache_respects_env_ttl PASSED [ 11%]
tests/test_analysis_cache.py::TestGlobalCache::test_cache_respects_disable_env PASSED [ 11%]
tests/test_analysis_cache.py::TestCacheRobustness::test_corrupted_cache_file PASSED [ 11%]
tests/test_analysis_cache.py::TestCacheRobustness::test_missing_fields_in_cache PASSED [ 11%]
tests/test_analysis_cache.py::TestCacheRobustness::test_write_permission_error PASSED [ 12%]
tests/test_analysis_cache.py::TestSemanticAnalysisEntry::test_create_entry PASSED [ 12%]
tests/test_analysis_cache.py::TestSemanticCache::test_save_and_load_semantic PASSED [ 12%]
tests/test_analysis_cache.py::TestSemanticCache::test_save_semantic_with_dict PASSED [ 12%]
tests/test_analysis_cache.py::TestSemanticCache::test_load_semantic_cache_miss PASSED [ 12%]
tests/test_analysis_cache.py::TestSemanticCache::test_semantic_cache_time_tolerance PASSED [ 12%]
tests/test_analysis_cache.py::TestSemanticCache::test_semantic_cache_invalidation_on_file_change PASSED [ 12%]
tests/test_analysis_cache.py::TestSemanticCache::test_clear_semantic_cache_single PASSED [ 13%]
tests/test_analysis_cache.py::TestSemanticCache::test_clear_semantic_cache_all PASSED [ 13%]
tests/test_analysis_cache.py::TestSemanticCache::test_semantic_cache_path_format PASSED [ 13%]
tests/test_analysis_cache.py::TestSemanticCache::test_disabled_semantic_cache PASSED [ 13%]
tests/test_audio_analysis.py::TestBeatInfo::test_beat_count PASSED       [ 13%]
tests/test_audio_analysis.py::TestBeatInfo::test_avg_beat_interval PASSED [ 13%]
tests/test_audio_analysis.py::TestBeatInfo::test_tempo_category_fast PASSED [ 13%]
tests/test_audio_analysis.py::TestBeatInfo::test_tempo_category_slow PASSED [ 14%]
tests/test_audio_analysis.py::TestBeatInfo::test_tempo_category_medium PASSED [ 14%]
tests/test_audio_analysis.py::TestEnergyProfile::test_energy_stats PASSED [ 14%]
tests/test_audio_analysis.py::TestEnergyProfile::test_high_energy_pct PASSED [ 14%]
tests/test_audio_analysis.py::TestEnergyProfile::test_energy_at_time PASSED [ 14%]
tests/test_audio_analysis.py::TestCalculateDynamicCutLength::test_intro_calm PASSED [ 14%]
tests/test_audio_analysis.py::TestCalculateDynamicCutLength::test_intro_energetic PASSED [ 15%]
tests/test_audio_analysis.py::TestCalculateDynamicCutLength::test_buildup_high_energy PASSED [ 15%]
tests/test_audio_analysis.py::TestCalculateDynamicCutLength::test_climax_hyper_energy PASSED [ 15%]
tests/test_audio_analysis.py::TestCalculateDynamicCutLength::test_outro_calm PASSED [ 15%]
tests/test_audio_analysis.py::TestCalculateDynamicCutLength::test_tempo_modulation_fast PASSED [ 15%]
tests/test_audio_analysis.py::TestCalculateDynamicCutLength::test_tempo_modulation_slow PASSED [ 15%]
tests/test_audio_analysis.py::TestCalculateDynamicCutLength::test_chaos_factor PASSED [ 15%]
tests/test_audio_analysis.py::TestAnalyzeMusicEnergy::test_returns_energy_profile PASSED [ 16%]
tests/test_audio_analysis.py::TestAnalyzeMusicEnergy::test_normalizes_rms PASSED [ 16%]
tests/test_audio_analysis.py::TestGetBeatTimes::test_returns_beat_info PASSED [ 16%]
tests/test_audio_analysis.py::TestGetBeatTimes::test_handles_array_tempo PASSED [ 16%]
tests/test_audio_analysis.py::TestAnalyzeAudio::test_returns_both_beat_and_energy PASSED [ 16%]
tests/test_audio_analysis.py::test_detect_music_sections_handles_mismatched_time_and_rms_lengths PASSED [ 16%]
tests/test_audio_analysis.py::test_detect_music_sections_short_flat_audio_returns_single_section PASSED [ 16%]
tests/test_audio_story_arc.py::TestStoryArc::test_classic_edm_structure PASSED [ 17%]
tests/test_audio_story_arc.py::TestStoryArc::test_short_clip_intro_outro PASSED [ 17%]
tests/test_audio_story_arc.py::TestStoryArc::test_constant_high_energy PASSED [ 17%]
tests/test_auto_reframe.py::TestAutoReframe::test_apply_center PASSED    [ 17%]
tests/test_auto_reframe.py::TestAutoReframe::test_calculate_crop_dims PASSED [ 17%]
tests/test_auto_reframe.py::TestAutoReframe::test_calculate_crop_dims_already_vertical PASSED [ 17%]
tests/test_auto_reframe.py::TestAutoReframe::test_segment_crops PASSED   [ 17%]
tests/test_auto_reframe.py::TestAutoReframe::test_smoothing PASSED       [ 18%]
tests/test_broll_integration.py::test_broll_planning_integration PASSED  [ 18%]
tests/test_broll_integration.py::test_score_broll_match_unit PASSED      [ 18%]
tests/test_broll_integration.py::test_broll_selection_integration PASSED [ 18%]
tests/test_broll_planner.py::TestSplitScript::test_empty_input PASSED    [ 18%]
tests/test_broll_planner.py::TestSplitScript::test_filter_short_segments PASSED [ 18%]
tests/test_broll_planner.py::TestSplitScript::test_split_simple_sentences PASSED [ 18%]
tests/test_broll_planner.py::TestSplitScript::test_split_with_exclamation PASSED [ 19%]
tests/test_broll_planner.py::TestSplitScript::test_split_with_question PASSED [ 19%]
tests/test_broll_planner.py::TestFormatPlan::test_format_no_matches PASSED [ 19%]
tests/test_broll_planner.py::TestFormatPlan::test_format_with_suggestions PASSED [ 19%]
tests/test_broll_planner.py::TestBRollSuggestion::test_to_dict PASSED    [ 19%]
tests/test_broll_planner.py::TestPlanBroll::test_plan_without_video_agent PASSED [ 19%]
tests/test_caption_styles.py::test_parse_whisper_json PASSED             [ 20%]
tests/test_caption_styles.py::test_parse_srt PASSED                      [ 20%]
tests/test_caption_styles.py::test_load_captions_whisper PASSED          [ 20%]
tests/test_caption_styles.py::test_load_captions_srt PASSED              [ 20%]
tests/test_caption_styles.py::test_caption_burner_initialization PASSED  [ 20%]
tests/test_caption_styles.py::test_all_caption_styles PASSED             [ 20%]
tests/test_caption_styles.py::test_karaoke_filter_generation PASSED      [ 20%]
tests/test_caption_styles.py::test_karaoke_fallback_no_words PASSED      [ 21%]
tests/test_caption_styles.py::test_standard_filter_generation PASSED     [ 21%]
tests/test_caption_styles.py::test_filter_chain_karaoke PASSED           [ 21%]
tests/test_caption_styles.py::test_filter_chain_standard PASSED          [ 21%]
tests/test_caption_styles.py::test_list_caption_styles PASSED            [ 21%]
tests/test_caption_styles.py::test_style_specific_configs PASSED         [ 21%]
tests/test_caption_styles.py::test_special_characters_escaping PASSED    [ 21%]
tests/test_caption_styles.py::test_timing_accuracy PASSED                [ 22%]
tests/test_caption_styles.py::test_karaoke_word_timing PASSED            [ 22%]
tests/test_caption_styles.py::test_bold_style_characteristics PASSED     [ 22%]
tests/test_caption_styles.py::test_minimal_style_characteristics PASSED  [ 22%]
tests/test_caption_styles.py::test_cinematic_style_characteristics PASSED [ 22%]
tests/test_cgpu_jobs.py::TestJobResult::test_successful_result PASSED    [ 22%]
tests/test_cgpu_jobs.py::TestJobResult::test_failed_result PASSED        [ 22%]
tests/test_cgpu_jobs.py::TestJobResult::test_result_with_metadata PASSED [ 23%]
tests/test_cgpu_jobs.py::TestJobStatus::test_all_statuses_exist PASSED   [ 23%]
tests/test_cgpu_jobs.py::TestJobStatus::test_status_values PASSED        [ 23%]
tests/test_cgpu_jobs.py::TestCGPUJobBase::test_job_id_generation PASSED  [ 23%]
tests/test_cgpu_jobs.py::TestCGPUJobBase::test_custom_job_id PASSED      [ 23%]
tests/test_cgpu_jobs.py::TestCGPUJobBase::test_initial_status PASSED     [ 23%]
tests/test_cgpu_jobs.py::TestCGPUJobBase::test_remote_work_dir PASSED    [ 24%]
tests/test_cgpu_jobs.py::TestTranscribeJob::test_init_default_params PASSED [ 24%]
tests/test_cgpu_jobs.py::TestTranscribeJob::test_init_custom_params PASSED [ 24%]
tests/test_cgpu_jobs.py::TestTranscribeJob::test_invalid_model_fallback PASSED [ 24%]
tests/test_cgpu_jobs.py::TestTranscribeJob::test_invalid_format_fallback PASSED [ 24%]
tests/test_cgpu_jobs.py::TestTranscribeJob::test_prepare_local_file_exists PASSED [ 24%]
tests/test_cgpu_jobs.py::TestTranscribeJob::test_prepare_local_file_missing PASSED [ 24%]
tests/test_cgpu_jobs.py::TestTranscribeJob::test_get_requirements PASSED [ 25%]
tests/test_cgpu_jobs.py::TestUpscaleJob::test_init_video PASSED          [ 25%]
tests/test_cgpu_jobs.py::TestUpscaleJob::test_init_image PASSED          [ 25%]
tests/test_cgpu_jobs.py::TestUpscaleJob::test_scale_clamping PASSED      [ 25%]
tests/test_cgpu_jobs.py::TestUpscaleJob::test_model_validation PASSED    [ 25%]
tests/test_cgpu_jobs.py::TestUpscaleJob::test_valid_models PASSED        [ 25%]
tests/test_cgpu_jobs.py::TestUpscaleJob::test_model_normalization PASSED [ 25%]
tests/test_cgpu_jobs.py::TestUpscaleJob::test_output_path_auto_generated PASSED [ 26%]
tests/test_cgpu_jobs.py::TestUpscaleJob::test_denoise_strength_clamping PASSED [ 26%]
tests/test_cgpu_jobs.py::TestStabilizeJob::test_init_defaults PASSED     [ 26%]
tests/test_cgpu_jobs.py::TestStabilizeJob::test_parameter_clamping PASSED [ 26%]
tests/test_cgpu_jobs.py::TestStabilizeJob::test_crop_validation PASSED   [ 26%]
tests/test_cgpu_jobs.py::TestStabilizeJob::test_valid_crop_values PASSED [ 26%]
tests/test_cgpu_jobs.py::TestStabilizeJob::test_output_path_auto_generated PASSED [ 26%]
tests/test_cgpu_jobs.py::TestStabilizeJob::test_prepare_local_valid_video PASSED [ 27%]
tests/test_cgpu_jobs.py::TestStabilizeJob::test_prepare_local_invalid_extension PASSED [ 27%]
tests/test_cgpu_jobs.py::TestStabilizeJob::test_get_requirements PASSED  [ 27%]
tests/test_cgpu_jobs.py::TestCGPUJobManager::test_singleton_pattern PASSED [ 27%]
tests/test_cgpu_jobs.py::TestCGPUJobManager::test_submit_job PASSED      [ 27%]
tests/test_cgpu_jobs.py::TestCGPUJobManager::test_get_job_status PASSED  [ 27%]
tests/test_cgpu_jobs.py::TestCGPUJobManager::test_clear_queue PASSED     [ 27%]
tests/test_cgpu_jobs.py::TestCGPUJobManager::test_stats PASSED           [ 28%]
tests/test_cgpu_jobs.py::TestCGPUJobManager::test_process_queue_execution PASSED [ 28%]
tests/test_cgpu_jobs.py::TestCGPUJobManager::test_callback_registration PASSED [ 28%]
tests/test_cgpu_jobs.py::TestJobExecution::test_execute_cgpu_not_available PASSED [ 28%]
tests/test_cgpu_jobs.py::TestJobExecution::test_execute_prepare_fails PASSED [ 28%]
tests/test_cgpu_jobs.py::TestJobExecution::test_execute_full_lifecycle PASSED [ 28%]
tests/test_cgpu_jobs.py::TestConvenienceFunctions::test_stabilize_video_success PASSED [ 29%]
tests/test_cgpu_jobs.py::TestConvenienceFunctions::test_stabilize_video_failure PASSED [ 29%]
tests/test_cgpu_jobs.py::TestModuleImports::test_lazy_imports PASSED     [ 29%]
tests/test_cgpu_jobs.py::TestModuleImports::test_all_exports PASSED      [ 29%]
tests/test_clip_enhancement.py::TestBrightnessAnalysis::test_neutral PASSED [ 29%]
tests/test_clip_enhancement.py::TestBrightnessAnalysis::test_dark_analysis PASSED [ 29%]
tests/test_clip_enhancement.py::TestBrightnessAnalysis::test_bright_analysis PASSED [ 29%]
tests/test_clip_enhancement.py::TestEnhancementResult::test_success_result PASSED [ 30%]
tests/test_clip_enhancement.py::TestEnhancementResult::test_failure_result PASSED [ 30%]
tests/test_clip_enhancement.py::TestClipEnhancer::test_analyze_brightness_returns_analysis PASSED [ 30%]
tests/test_clip_enhancement.py::TestClipEnhancer::test_analyze_brightness_dark_clip PASSED [ 30%]
tests/test_clip_enhancement.py::TestClipEnhancer::test_analyze_brightness_fallback_on_error PASSED [ 30%]
tests/test_clip_enhancement.py::TestClipEnhancer::test_enhance_calls_ffmpeg PASSED [ 30%]
tests/test_clip_enhancement.py::TestClipEnhancer::test_enhance_returns_original_on_failure PASSED [ 30%]
tests/test_clip_enhancement.py::TestStabilization::test_stabilize_uses_vidstab_when_available PASSED [ 31%]
tests/test_clip_enhancement.py::TestStabilization::test_stabilize_falls_back_to_deshake PASSED [ 31%]
tests/test_clip_enhancement.py::TestStabilization::test_deshake_returns_original_on_error PASSED [ 31%]
tests/test_clip_enhancement.py::TestUpscaling::test_check_realesrgan_available PASSED [ 31%]
tests/test_clip_enhancement.py::TestUpscaling::test_check_realesrgan_detects_software_renderer PASSED [ 31%]
tests/test_clip_enhancement.py::TestUpscaling::test_upscale_ffmpeg_calculates_dimensions PASSED [ 31%]
tests/test_clip_enhancement.py::TestUpscaling::test_upscale_ffmpeg_handles_rotation PASSED [ 31%]
tests/test_clip_enhancement.py::TestColorMatching::test_color_match_returns_identity_without_library PASSED [ 32%]
tests/test_clip_enhancement.py::TestColorMatching::test_color_match_single_clip PASSED [ 32%]
tests/test_clip_enhancement.py::TestParallelEnhancement::test_enhance_batch_sequential PASSED [ 32%]
tests/test_clip_enhancement.py::TestParallelEnhancement::test_enhance_batch_parallel PASSED [ 32%]
tests/test_clip_enhancement.py::TestVidstabAvailability::test_vidstab_available PASSED [ 32%]
tests/test_clip_enhancement.py::TestVidstabAvailability::test_vidstab_not_available PASSED [ 32%]
tests/test_clip_enhancement.py::TestLegacyFunctions::test_stabilize_clip_legacy PASSED [ 32%]
tests/test_clip_enhancement.py::TestLegacyFunctions::test_enhance_clip_legacy PASSED [ 33%]
tests/test_clip_enhancement.py::TestLegacyFunctions::test_upscale_clip_legacy PASSED [ 33%]
tests/test_clip_enhancement.py::TestLegacyFunctions::test_enhance_clips_parallel_legacy PASSED [ 33%]
tests/test_clip_enhancement.py::TestLegacyFunctions::test_color_match_clips_legacy PASSED [ 33%]
tests/test_config.py::TestPathConfig::test_default_paths PASSED          [ 33%]
tests/test_config.py::TestPathConfig::test_custom_paths_from_env PASSED  [ 33%]
tests/test_config.py::TestPathConfig::test_ensure_directories PASSED     [ 34%]
tests/test_config.py::TestPathConfig::test_get_log_path PASSED           [ 34%]
tests/test_config.py::TestFeatureConfig::test_default_features PASSED    [ 34%]
tests/test_config.py::TestFeatureConfig::test_features_from_env PASSED   [ 34%]
tests/test_config.py::TestLLMConfig::test_default_llm_config PASSED      [ 34%]
tests/test_config.py::TestLLMConfig::test_has_openai_backend PASSED      [ 34%]
tests/test_config.py::TestLLMConfig::test_has_google_backend PASSED      [ 34%]
tests/test_config.py::TestFileTypeConfig::test_is_video PASSED           [ 35%]
tests/test_config.py::TestFileTypeConfig::test_is_audio PASSED           [ 35%]
tests/test_config.py::TestFileTypeConfig::test_is_image PASSED           [ 35%]
tests/test_config.py::TestFileTypeConfig::test_allowed_file PASSED       [ 35%]
tests/test_config.py::TestSettings::test_settings_initialization PASSED  [ 35%]
tests/test_config.py::TestSettings::test_to_env_dict PASSED              [ 35%]
tests/test_config.py::TestSettings::test_reload PASSED                   [ 35%]
tests/test_config.py::TestGlobalSettings::test_get_settings_singleton PASSED [ 36%]
tests/test_config.py::TestGlobalSettings::test_reload_settings PASSED    [ 36%]
tests/test_creative_director_no_llm.py::test_query_backend_respects_test_no_llm PASSED [ 36%]
tests/test_creative_evaluator.py::TestEditingIssue::test_basic_creation PASSED [ 36%]
tests/test_creative_evaluator.py::TestEditingIssue::test_with_timestamp_and_clips PASSED [ 36%]
tests/test_creative_evaluator.py::TestEditingAdjustment::test_basic_creation PASSED [ 36%]
tests/test_creative_evaluator.py::TestMontageEvaluation::test_basic_creation PASSED [ 36%]
tests/test_creative_evaluator.py::TestMontageEvaluation::test_needs_refinement PASSED [ 37%]
tests/test_creative_evaluator.py::TestMontageEvaluation::test_critical_issues PASSED [ 37%]
tests/test_creative_evaluator.py::TestCreativeEvaluatorInit::test_default_init PASSED [ 37%]
tests/test_creative_evaluator.py::TestCreativeEvaluatorInit::test_custom_init PASSED [ 37%]
tests/test_creative_evaluator.py::TestCreativeEvaluatorBuildContext::test_build_context PASSED [ 37%]
tests/test_creative_evaluator.py::TestCreativeEvaluatorParseResponse::test_parse_valid_response PASSED [ 37%]
tests/test_creative_evaluator.py::TestCreativeEvaluatorParseResponse::test_parse_response_with_markdown PASSED [ 37%]
tests/test_creative_evaluator.py::TestCreativeEvaluatorParseResponse::test_parse_invalid_response PASSED [ 38%]
tests/test_creative_evaluator.py::TestCreativeEvaluatorApplyAdjustment::test_apply_simple_adjustment PASSED [ 38%]
tests/test_creative_evaluator.py::TestCreativeEvaluatorApplyAdjustment::test_apply_nested_adjustment PASSED [ 38%]
tests/test_creative_evaluator.py::TestCreativeEvaluatorApplyAdjustment::test_apply_new_nested_path PASSED [ 38%]
tests/test_creative_evaluator.py::TestCreativeEvaluatorRefineInstructions::test_refine_with_adjustments PASSED [ 38%]
tests/test_creative_evaluator.py::TestCreativeEvaluatorEvaluate::test_evaluate_with_mocked_llm PASSED [ 38%]
tests/test_creative_evaluator.py::TestCreativeEvaluatorEvaluate::test_evaluate_empty_llm_response PASSED [ 39%]
tests/test_creative_evaluator.py::TestCreativeEvaluatorEvaluate::test_evaluate_max_iterations_forces_approval PASSED [ 39%]
tests/test_creative_evaluator.py::TestConvenienceFunctions::test_evaluate_montage PASSED [ 39%]
tests/test_creative_evaluator.py::TestIntegration::test_full_refinement_workflow PASSED [ 39%]
tests/test_debug_env.py::test_debug_env PASSED                           [ 39%]
tests/test_dry_refactoring.py::TestConfigParser::test_parse_int PASSED   [ 39%]
tests/test_dry_refactoring.py::TestConfigParser::test_parse_float PASSED [ 39%]
tests/test_dry_refactoring.py::TestConfigParser::test_parse_bool PASSED  [ 40%]
tests/test_dry_refactoring.py::TestConfigParser::test_parse_str PASSED   [ 40%]
tests/test_dry_refactoring.py::TestConfigParser::test_make_int_parser PASSED [ 40%]
tests/test_dry_refactoring.py::TestConfigParser::test_make_bool_parser PASSED [ 40%]
tests/test_dry_refactoring.py::TestConfigParser::test_parse_dict PASSED  [ 40%]
tests/test_dry_refactoring.py::TestClipScorer::test_instantiation PASSED [ 40%]
tests/test_dry_refactoring.py::TestClipScorer::test_custom_weights PASSED [ 40%]
tests/test_dry_refactoring.py::TestClipScorer::test_score_shot_variety_all_same PASSED [ 41%]
tests/test_dry_refactoring.py::TestClipScorer::test_score_shot_variety_all_different PASSED [ 41%]
tests/test_dry_refactoring.py::TestClipScorer::test_score_shot_variety_mixed PASSED [ 41%]
tests/test_dry_refactoring.py::TestClipScorer::test_score_shot_variety_single_clip PASSED [ 41%]
tests/test_dry_refactoring.py::TestClipScorer::test_score_match_quality_with_pacing PASSED [ 41%]
tests/test_dry_refactoring.py::TestClipScorer::test_score_match_quality_bad_pacing PASSED [ 41%]
tests/test_dry_refactoring.py::TestClipScorer::test_score_broll_relevance_keyword_match PASSED [ 41%]
tests/test_dry_refactoring.py::TestClipScorer::test_score_broll_relevance_no_keywords PASSED [ 42%]
tests/test_dry_refactoring.py::TestClipScorer::test_score_faces_single_confident PASSED [ 42%]
tests/test_dry_refactoring.py::TestClipScorer::test_score_faces_multiple PASSED [ 42%]
tests/test_dry_refactoring.py::TestClipScorer::test_score_faces_required_but_missing PASSED [ 42%]
tests/test_dry_refactoring.py::TestClipScorer::test_score_visual_novelty_no_history PASSED [ 42%]
tests/test_dry_refactoring.py::TestClipScorer::test_score_visual_novelty_with_history PASSED [ 42%]
tests/test_dry_refactoring.py::TestClipScorer::test_default_scorer_singleton PASSED [ 43%]
tests/test_dry_refactoring.py::TestClipScorer::test_comprehensive_scoring PASSED [ 43%]
tests/test_editor_basic.py::test_imports PASSED                          [ 43%]
tests/test_editor_basic.py::test_seconds_to_timecode PASSED              [ 43%]
tests/test_editor_basic.py::test_allowed_file PASSED                     [ 43%]
tests/test_editor_basic.py::test_creative_director_keywords PASSED       [ 43%]
tests/test_editor_basic.py::test_beat_detection_mock SKIPPED (libros...) [ 43%]
tests/test_editor_basic.py::test_footage_clip_dataclass PASSED           [ 44%]
tests/test_editor_basic.py::test_style_template_loading PASSED           [ 44%]
tests/test_encoder_router.py::TestEncoderNodeConfig::test_encoder_node_basic_attributes PASSED [ 44%]
tests/test_encoder_router.py::TestEncoderNodeConfig::test_encoder_node_with_ssh_config PASSED [ 44%]
tests/test_encoder_router.py::TestEncoderNodeConfig::test_encoder_node_local_flag PASSED [ 44%]
tests/test_encoder_router.py::TestEncoderRouter::test_router_initialization_auto_detect PASSED [ 44%]
tests/test_encoder_router.py::TestEncoderRouter::test_router_add_remote_node PASSED [ 44%]
tests/test_encoder_router.py::TestEncoderRouter::test_router_select_best_node_by_priority PASSED [ 45%]
tests/test_encoder_router.py::TestEncoderRouter::test_router_select_node_by_encoder_type PASSED [ 45%]
tests/test_encoder_router.py::TestEncoderRouter::test_router_track_node_load PASSED [ 45%]
tests/test_encoder_router.py::TestEncoderRouter::test_router_skip_overloaded_nodes PASSED [ 45%]
tests/test_encoder_router.py::TestEncoderRouterDistributedTasks::test_encode_task_local PASSED [ 45%]
tests/test_encoder_router.py::TestEncoderRouterDistributedTasks::test_encode_task_remote_ssh PASSED [ 45%]
tests/test_encoder_router.py::TestAdrenoV4L2Support::test_detect_adreno_via_sysfs PASSED [ 45%]
tests/test_encoder_router.py::TestAdrenoV4L2Support::test_adreno_encoder_v4l2 PASSED [ 46%]
tests/test_encoder_router.py::TestROCmSupport::test_detect_rocm_gpu PASSED [ 46%]
tests/test_encoder_router.py::TestROCmSupport::test_rocm_encoder_uses_vaapi PASSED [ 46%]
tests/test_encoder_router.py::TestROCmSupport::test_rocm_fallback_to_vaapi PASSED [ 46%]
tests/test_encoder_router.py::TestROCmSupport::test_router_includes_rocm_node PASSED [ 46%]
tests/test_encoder_router.py::TestCGPUIntegration::test_router_detects_cgpu_available PASSED [ 46%]
tests/test_encoder_router.py::TestCGPUIntegration::test_route_heavy_task_to_cgpu PASSED [ 46%]
tests/test_encoder_router.py::TestCGPUIntegration::test_route_light_task_locally PASSED [ 47%]
tests/test_encoder_router.py::TestClusterDiscovery::test_discover_k8s_nodes PASSED [ 47%]
tests/test_encoder_router.py::TestClusterDiscovery::test_probe_node_capabilities PASSED [ 47%]
tests/test_encoder_router.py::TestEncoderRouterE2E::test_parallel_encoding_multiple_segments PASSED [ 47%]
tests/test_engines_integration.py::TestEnginesIntegration::test_engines_initialization PASSED [ 47%]
tests/test_fast_imports.py::test_web_ui_app_import_is_fast PASSED        [ 47%]
tests/test_fast_imports.py::test_autoreframe_lazy_and_patchable SKIPPED  [ 48%]
tests/test_filler_removal.py::test_remove_filler_words_segments PASSED   [ 48%]
tests/test_filler_removal.py::test_remove_filler_words_flat PASSED       [ 48%]
tests/test_filler_removal.py::test_remove_filler_words_custom PASSED     [ 48%]
tests/test_filler_removal.py::test_remove_filler_words_punctuation PASSED [ 48%]
tests/test_hardware_hwaccel_override.py::test_hwaccel_env_none_forces_cpu PASSED [ 48%]
tests/test_hardware_hwaccel_override.py::test_hwaccel_env_unknown_falls_back_cleanly PASSED [ 48%]
tests/test_infra/test_pvc_replica_guard.py::test_no_rwo_localpath_with_replicas_gt_one PASSED [ 49%]
tests/test_infra/test_single_canonical_overlay.py::test_single_canonical_overlay_exists_and_unique PASSED [ 49%]
tests/test_montage_builder.py::TestAudioAnalysisResult::test_beat_count PASSED [ 49%]
tests/test_montage_builder.py::TestAudioAnalysisResult::test_avg_energy PASSED [ 49%]
tests/test_montage_builder.py::TestAudioAnalysisResult::test_energy_profile_high PASSED [ 49%]
tests/test_montage_builder.py::TestAudioAnalysisResult::test_energy_profile_low PASSED [ 49%]
tests/test_montage_builder.py::TestAudioAnalysisResult::test_energy_profile_mixed PASSED [ 49%]
tests/test_montage_builder.py::TestSceneInfo::test_midpoint PASSED       [ 50%]
tests/test_montage_builder.py::TestSceneInfo::test_to_dict PASSED        [ 50%]
tests/test_montage_builder.py::TestOutputProfile::test_default_values PASSED [ 50%]
tests/test_montage_builder.py::TestClipMetadata::test_enhancements_default PASSED [ 50%]
tests/test_montage_builder.py::TestMontageContext::test_reset_timeline_state PASSED [ 50%]
tests/test_montage_builder.py::TestMontageContext::test_get_story_position PASSED [ 50%]
tests/test_montage_builder.py::TestMontageContext::test_get_story_phase_intro PASSED [ 50%]
tests/test_montage_builder.py::TestMontageContext::test_get_story_phase_climax PASSED [ 51%]
tests/test_montage_builder.py::TestMontageResult::test_success_result PASSED [ 51%]
tests/test_montage_builder.py::TestMontageResult::test_failure_result PASSED [ 51%]
tests/test_montage_builder.py::TestMontageBuilder::test_initialization PASSED [ 51%]
tests/test_montage_builder.py::TestMontageBuilder::test_initialization_with_editing_instructions PASSED [ 51%]
tests/test_montage_builder.py::TestMontageBuilder::test_apply_creative_director_effects PASSED [ 51%]
tests/test_montage_builder.py::TestMontageBuilder::test_env_overrides_template PASSED [ 51%]
tests/test_montage_builder.py::TestMontageBuilderHelpers::test_get_energy_at_time PASSED [ 52%]
tests/test_montage_builder.py::TestMontageBuilderHelpers::test_get_energy_at_time_empty PASSED [ 52%]
tests/test_otio_export.py::TestOTIOBuilder::test_create_timeline PASSED  [ 52%]
tests/test_otio_export.py::TestOTIOBuilder::test_add_clip_minimal PASSED [ 52%]
tests/test_otio_export.py::TestOTIOBuilder::test_add_multiple_clips PASSED [ 52%]
tests/test_otio_export.py::TestOTIOBuilder::test_clip_metadata_attachment PASSED [ 52%]
tests/test_otio_export.py::TestOTIOBuilder::test_add_markers PASSED      [ 53%]
tests/test_otio_export.py::TestOTIOBuilder::test_export_to_otio_json PASSED [ 53%]
tests/test_otio_export.py::TestOTIOBuilder::test_export_editing_parameters_json PASSED [ 53%]
tests/test_otio_export.py::TestExportConvenience::test_export_to_nle_no_clips PASSED [ 53%]
tests/test_otio_export.py::TestExportConvenience::test_export_summary_creation PASSED [ 53%]
tests/test_otio_export.py::TestExportConvenience::test_export_with_multiple_formats PASSED [ 53%]
tests/test_otio_export.py::TestJSONParsingRobustness::test_safe_parse_json_valid PASSED [ 53%]
tests/test_otio_export.py::TestJSONParsingRobustness::test_safe_parse_json_with_markdown PASSED [ 54%]
tests/test_otio_export.py::TestJSONParsingRobustness::test_safe_parse_json_from_text PASSED [ 54%]
tests/test_otio_export.py::TestJSONParsingRobustness::test_safe_parse_json_empty PASSED [ 54%]
tests/test_otio_export.py::TestJSONParsingRobustness::test_safe_parse_json_invalid PASSED [ 54%]
tests/test_otio_export.py::TestTimelineClipInfo::test_clip_info_creation PASSED [ 54%]
tests/test_otio_export.py::TestTimelineClipInfo::test_clip_info_with_confidence PASSED [ 54%]
tests/test_otio_verification.py::test_otio_file_structure PASSED         [ 54%]
tests/test_otio_verification.py::test_otio_timeline_metadata PASSED      [ 55%]
tests/test_otio_verification.py::test_otio_clip_timings PASSED           [ 55%]
tests/test_otio_verification.py::test_otio_media_references PASSED       [ 55%]
tests/test_otio_verification.py::test_otio_audio_track PASSED            [ 55%]
tests/test_otio_verification.py::test_otio_frame_rate_consistency PASSED [ 55%]
tests/test_otio_verification.py::test_otio_clip_metadata_preservation PASSED [ 55%]
tests/test_otio_verification.py::test_otio_empty_timeline PASSED         [ 55%]
tests/test_otio_verification.py::test_otio_fps_variants PASSED           [ 56%]
tests/test_otio_verification.py::test_otio_resolution_metadata PASSED    [ 56%]
tests/test_otio_verification.py::test_otio_special_characters_in_names PASSED [ 56%]
tests/test_otio_verification.py::test_otio_schema_version PASSED         [ 56%]
tests/test_otio_verification.py::test_otio_schema_version_strict PASSED  [ 56%]
tests/test_otio_verification.py::test_otio_roundtrip_compatibility PASSED [ 56%]
tests/test_otio_verification.py::test_otio_link_to_source_mode PASSED    [ 56%]
tests/test_otio_verification.py::test_otio_export_large_timeline PASSED  [ 57%]
tests/test_otio_verification.py::test_otio_davinci_resolve_compatibility PASSED [ 57%]
tests/test_otio_verification.py::test_otio_premiere_pro_compatibility PASSED [ 57%]
tests/test_pacing_engine.py::TestPacingEngine::test_cut_duration_calculation PASSED [ 57%]
tests/test_pacing_engine.py::TestPacingEngine::test_fast_pacing_instruction PASSED [ 57%]
tests/test_pacing_engine.py::TestPacingEngine::test_get_energy_basic PASSED [ 57%]
tests/test_preview_generator.py::test_generate_shorts_preview_static PASSED [ 58%]
tests/test_preview_generator.py::test_generate_shorts_preview_dynamic PASSED [ 58%]
tests/test_preview_input_limits.py::test_preview_skips_large_files PASSED [ 58%]
tests/test_preview_input_limits.py::test_preview_filters_when_input_dir PASSED [ 58%]
tests/test_preview_input_limits.py::test_apply_preview_input_limits_filters_by_size_and_count PASSED [ 58%]
tests/test_preview_input_limits.py::test_scene_detection_per_file_timeout PASSED [ 58%]
tests/test_preview_mode.py::test_preview_mode_resolution PASSED          [ 58%]
tests/test_preview_mode.py::test_preview_mode_disables_effects PASSED    [ 59%]
tests/test_preview_mode.py::test_preview_mode_vertical PASSED            [ 59%]
tests/test_pro_handoff.py::test_proxy_generation_h264 PASSED             [ 59%]
tests/test_pro_handoff.py::test_proxy_generation_prores PASSED           [ 59%]
tests/test_pro_handoff.py::test_proxy_generation_dnxhr PASSED            [ 59%]
tests/test_pro_handoff.py::test_relink_readme_generation PASSED          [ 59%]
tests/test_pro_handoff.py::test_full_export_flow PASSED                  [ 59%]
tests/test_proxy_cache.py::test_proxy_reuse_when_fresh PASSED            [ 60%]
tests/test_proxy_cache.py::test_proxy_regenerated_when_stale PASSED      [ 60%]
tests/test_proxy_cache.py::test_analysis_proxy_ttl_and_reuse PASSED      [ 60%]
tests/test_proxy_cache.py::test_cache_eviction_under_limit PASSED        [ 60%]
tests/test_proxy_cache.py::test_generate_analysis_proxy_instance_method_invocation PASSED [ 60%]
tests/test_render_safety.py::test_refuse_local_render_for_large_input_when_cluster_disabled PASSED [ 60%]
tests/test_render_safety.py::test_allow_render_when_cluster_enabled PASSED [ 60%]
tests/test_scene_analysis.py::TestScene::test_duration PASSED            [ 61%]
tests/test_scene_analysis.py::TestScene::test_midpoint PASSED            [ 61%]
tests/test_scene_analysis.py::TestScene::test_to_dict PASSED             [ 61%]
tests/test_scene_analysis.py::TestSceneAnalysis::test_default PASSED     [ 61%]
tests/test_scene_analysis.py::TestSceneAnalysis::test_from_dict PASSED   [ 61%]
tests/test_scene_analysis.py::TestSceneAnalysis::test_to_dict PASSED     [ 61%]
tests/test_scene_analysis.py::TestSceneDetector::test_detect_returns_scenes PASSED [ 62%]
tests/test_scene_analysis.py::TestSceneDetector::test_detect_no_scenes_returns_full_video PASSED [ 62%]
tests/test_scene_analysis.py::TestSceneContentAnalyzer::test_disabled_ai_returns_default PASSED [ 62%]
tests/test_scene_analysis.py::TestSceneContentAnalyzer::test_frame_extraction_failure PASSED [ 62%]
tests/test_scene_analysis.py::TestCalculateVisualSimilarity::test_returns_float PASSED [ 62%]
tests/test_scene_analysis.py::TestCalculateVisualSimilarity::test_frame_read_failure PASSED [ 62%]
tests/test_scene_analysis.py::TestDetectMotionBlur::test_returns_float PASSED [ 62%]
tests/test_scene_analysis.py::TestDetectMotionBlur::test_sharp_image PASSED [ 63%]
tests/test_scene_analysis.py::TestFindBestStartPoint::test_fallback_start_point PASSED [ 63%]
tests/test_scene_analysis.py::TestFindBestStartPoint::test_fallback_when_no_room PASSED [ 63%]
tests/test_scene_analysis.py::TestFindBestStartPoint::test_returns_float PASSED [ 63%]
tests/test_scene_analysis.py::TestLegacyFunctions::test_detect_scenes_returns_tuples PASSED [ 63%]
tests/test_scene_analysis.py::TestLegacyFunctions::test_analyze_scene_content_returns_dict PASSED [ 63%]
tests/test_scene_detection_highres.py::TestSceneDetectionDownsampling::test_6k_video_triggers_downsampling PASSED [ 63%]
tests/test_scene_detection_highres.py::TestSceneDetectionDownsampling::test_1080p_video_no_downsampling PASSED [ 64%]
tests/test_scene_detection_highres.py::TestSceneDetectionDownsampling::test_custom_max_resolution_threshold PASSED [ 64%]
tests/test_scene_detection_highres.py::TestSceneDetectionDownsampling::test_create_downsampled_proxy_ffmpeg_command PASSED [ 64%]
tests/test_scene_detection_highres.py::TestSceneDetectionDownsampling::test_create_downsampled_proxy_handles_ffmpeg_failure PASSED [ 64%]
tests/test_scene_detection_highres.py::TestSceneDetectionDownsampling::test_scenes_reference_original_path_not_proxy PASSED [ 64%]
tests/test_scene_detection_highres.py::TestSceneDetectionPerformance::test_downsampling_reduces_processing_time SKIPPED [ 64%]
tests/test_segment_writer_fallback.py::test_concat_fallback_success PASSED [ 64%]
tests/test_segment_writer_fallback.py::test_concat_fallback_failure PASSED [ 65%]
tests/test_selection_engine.py::TestSelectionEngine::test_get_candidate_scenes PASSED [ 65%]
tests/test_selection_engine.py::TestSelectionEngine::test_score_style_preferences PASSED [ 65%]
tests/test_selection_engine.py::TestSelectionEngine::test_score_usage PASSED [ 65%]
tests/test_selection_engine.py::TestSelectionEngine::test_select_clip_probabilistic PASSED [ 65%]
tests/test_semantic_matcher.py::TestSemanticScore::test_create_score PASSED [ 65%]
tests/test_semantic_matcher.py::TestSemanticScore::test_to_dict PASSED   [ 65%]
tests/test_semantic_matcher.py::TestMoodKeywords::test_energetic_keywords PASSED [ 66%]
tests/test_semantic_matcher.py::TestMoodKeywords::test_calm_keywords PASSED [ 66%]
tests/test_semantic_matcher.py::TestMoodKeywords::test_dramatic_keywords PASSED [ 66%]
tests/test_semantic_matcher.py::TestSettingKeywords::test_beach_keywords PASSED [ 66%]
tests/test_semantic_matcher.py::TestSettingKeywords::test_city_keywords PASSED [ 66%]
tests/test_semantic_matcher.py::TestSemanticMatcher::test_initialization_weights PASSED [ 66%]
tests/test_semantic_matcher.py::TestSemanticMatcher::test_cosine_similarity_identical PASSED [ 67%]
tests/test_semantic_matcher.py::TestSemanticMatcher::test_cosine_similarity_orthogonal PASSED [ 67%]
tests/test_semantic_matcher.py::TestSemanticMatcher::test_cosine_similarity_none_input PASSED [ 67%]
tests/test_semantic_matcher.py::TestSemanticMatcher::test_check_mood_match_energetic PASSED [ 67%]
tests/test_semantic_matcher.py::TestSemanticMatcher::test_check_mood_match_calm PASSED [ 67%]
tests/test_semantic_matcher.py::TestSemanticMatcher::test_check_mood_match_neutral PASSED [ 67%]
tests/test_semantic_matcher.py::TestSemanticMatcher::test_check_setting_match_beach PASSED [ 67%]
tests/test_semantic_matcher.py::TestSemanticMatcher::test_check_setting_match_city PASSED [ 68%]
tests/test_semantic_matcher.py::TestSemanticMatcher::test_check_setting_match_unknown PASSED [ 68%]
tests/test_semantic_matcher.py::TestSemanticMatcher::test_find_matched_tags PASSED [ 68%]
tests/test_semantic_matcher.py::TestSemanticMatcher::test_find_matched_tags_empty PASSED [ 68%]
tests/test_semantic_matcher.py::TestSemanticMatcher::test_match_query_to_clip_basic PASSED [ 68%]
tests/test_semantic_matcher.py::TestSemanticMatcher::test_match_query_to_clip_mood_match PASSED [ 68%]
tests/test_semantic_matcher.py::TestSemanticMatcher::test_match_query_to_clip_setting_match PASSED [ 68%]
tests/test_semantic_matcher.py::TestSemanticMatcher::test_match_query_to_clip_empty_analysis PASSED [ 69%]
tests/test_semantic_matcher.py::TestSemanticMatcher::test_match_query_to_clips_sorted PASSED [ 69%]
tests/test_semantic_matcher.py::TestSemanticMatcher::test_match_query_to_clips_min_score PASSED [ 69%]
tests/test_semantic_matcher.py::TestSemanticMatcherUnavailable::test_match_without_model PASSED [ 69%]
tests/test_semantic_matcher.py::TestSemanticMatcherUnavailable::test_is_available_false PASSED [ 69%]
tests/test_semantic_matcher.py::TestGlobalMatcher::test_get_semantic_matcher_singleton PASSED [ 69%]
tests/test_semantic_matcher.py::TestGlobalMatcher::test_reset_semantic_matcher PASSED [ 69%]
tests/test_semantic_matcher.py::TestSemanticMatcherIntegration::test_weighted_score_calculation PASSED [ 70%]
tests/test_shorts_studio.py::test_tracking_logic PASSED                  [ 70%]
tests/test_shorts_studio.py::test_analyze_crops_api PASSED               [ 70%]
tests/test_stateflow_director.py::TestDirectorState::test_state_enum_exists PASSED [ 70%]
tests/test_stateflow_director.py::TestDirectorState::test_state_values PASSED [ 70%]
tests/test_stateflow_director.py::TestStateContext::test_context_creation PASSED [ 70%]
tests/test_stateflow_director.py::TestStateContext::test_context_update PASSED [ 70%]
tests/test_stateflow_director.py::TestIntentAnalysis::test_intent_analysis_creation PASSED [ 71%]
tests/test_stateflow_director.py::TestIntentAnalysis::test_intent_analysis_with_conflicts PASSED [ 71%]
tests/test_stateflow_director.py::TestStateTransitions::test_parse_intent_to_analyze_footage PASSED [ 71%]
tests/test_stateflow_director.py::TestStateTransitions::test_analyze_footage_to_resolve_conflicts PASSED [ 71%]
tests/test_stateflow_director.py::TestStateTransitions::test_analyze_footage_to_plan_structure PASSED [ 71%]
tests/test_stateflow_director.py::TestStateTransitions::test_validate_failure_backtracks PASSED [ 71%]
tests/test_stateflow_director.py::TestStateTransitions::test_validate_success_emits_output PASSED [ 72%]
tests/test_stateflow_director.py::TestStateFlowDirectorInit::test_default_init PASSED [ 72%]
tests/test_stateflow_director.py::TestStateFlowDirectorInit::test_custom_init PASSED [ 72%]
tests/test_stateflow_director.py::TestStateFlowDirectorRun::test_run_full_pipeline_mocked PASSED [ 72%]
tests/test_stateflow_director.py::TestStateFlowDirectorRun::test_run_with_backtrack PASSED [ 72%]
tests/test_stateflow_director.py::TestStateFlowDirectorExecuteState::test_execute_parse_intent PASSED [ 72%]
tests/test_stateflow_director.py::TestStateFlowDirectorExecuteState::test_execute_analyze_footage PASSED [ 72%]
tests/test_stateflow_director.py::TestDeterministicValidation::test_validate_duration_constraint PASSED [ 73%]
tests/test_stateflow_director.py::TestDeterministicValidation::test_validate_phase_coverage PASSED [ 73%]
tests/test_stateflow_director.py::TestStateHistory::test_history_tracking PASSED [ 73%]
tests/test_stateflow_director.py::TestStateHistory::test_backtrack_count PASSED [ 73%]
tests/test_stateflow_director.py::TestStateHistory::test_max_backtrack_exceeded PASSED [ 73%]
tests/test_stateflow_director.py::TestDirectorOutputIntegration::test_build_final_output PASSED [ 73%]
tests/test_stateflow_director.py::TestErrorHandling::test_llm_failure_fallback PASSED [ 73%]
tests/test_stateflow_director.py::TestErrorHandling::test_infeasible_constraints_relaxation PASSED [ 74%]
tests/test_story_arc_csp.py::TestStoryPhase::test_phase_enum_exists PASSED [ 74%]
tests/test_story_arc_csp.py::TestStoryPhase::test_phase_order PASSED     [ 74%]
tests/test_story_arc_csp.py::TestPhaseConstraints::test_phase_constraints_creation PASSED [ 74%]
tests/test_story_arc_csp.py::TestPhaseConstraints::test_phase_constraints_defaults PASSED [ 74%]
tests/test_story_arc_csp.py::TestStoryArcCSPSolverInit::test_default_init PASSED [ 74%]
tests/test_story_arc_csp.py::TestStoryArcCSPSolverInit::test_custom_phase_ratios PASSED [ 74%]
tests/test_story_arc_csp.py::TestStoryArcCSPSolverSolve::test_solve_basic PASSED [ 75%]
tests/test_story_arc_csp.py::TestStoryArcCSPSolverSolve::test_solve_respects_duration PASSED [ 75%]
tests/test_story_arc_csp.py::TestStoryArcCSPSolverSolve::test_solve_no_double_assignment PASSED [ 75%]
tests/test_story_arc_csp.py::TestStoryArcCSPSolverSolve::test_solve_infeasible_duration PASSED [ 75%]
tests/test_story_arc_csp.py::TestEnergyConstraints::test_hitchcock_climax_high_energy PASSED [ 75%]
tests/test_story_arc_csp.py::TestEnergyConstraints::test_intro_low_energy PASSED [ 75%]
tests/test_story_arc_csp.py::TestShotVarietyConstraints::test_minimum_shot_types PASSED [ 75%]
tests/test_story_arc_csp.py::TestShotVarietyConstraints::test_no_consecutive_same_shot PASSED [ 76%]
tests/test_story_arc_csp.py::TestLocationConstraints::test_minimum_locations PASSED [ 76%]
tests/test_story_arc_csp.py::TestStyleSpecificConstraints::test_hitchcock_constraints PASSED [ 76%]
tests/test_story_arc_csp.py::TestStyleSpecificConstraints::test_mtv_constraints PASSED [ 76%]
tests/test_story_arc_csp.py::TestSolverBackend::test_z3_backend_available PASSED [ 76%]
tests/test_story_arc_csp.py::TestSolverBackend::test_fallback_backend PASSED [ 76%]
tests/test_story_arc_csp.py::TestOptimization::test_maximize_energy_curve_fit PASSED [ 77%]
tests/test_story_arc_csp.py::TestOptimization::test_minimize_shot_type_repeats PASSED [ 77%]
tests/test_story_arc_csp.py::TestFootageManagerIntegration::test_from_footage_manager_clips PASSED [ 77%]
tests/test_story_arc_csp.py::TestFootageManagerIntegration::test_output_format_for_editor PASSED [ 77%]
tests/test_story_arc_csp.py::TestPerformance::test_solve_time_reasonable PASSED [ 77%]
tests/test_story_arc_csp.py::TestPerformance::test_larger_clip_set PASSED [ 77%]
tests/test_style_abstraction.py::test_apply_style_scoring PASSED         [ 77%]
tests/test_tasks.py::test_run_test_job_sleeps_and_updates_jobstore PASSED [ 78%]
tests/test_telemetry_metrics_endpoint.py::test_get_prometheus_metrics_counts PASSED [ 78%]
tests/test_text_editor.py::test_get_cut_list_no_edits PASSED             [ 78%]
tests/test_text_editor.py::test_get_cut_list_remove_word PASSED          [ 78%]
tests/test_text_editor.py::test_export_calls_ffmpeg_with_scaling PASSED  [ 78%]
tests/test_text_editor.py::test_export_calls_ffmpeg_without_scaling PASSED [ 78%]
tests/test_timeline_export.py::test_edl_export PASSED                    [ 78%]
tests/test_timeline_export.py::test_otio_export PASSED                   [ 79%]
tests/test_timeline_export.py::test_export_timeline_integration PASSED   [ 79%]
tests/test_transcriber.py::TestTranscriber::test_init_custom_model PASSED [ 79%]
tests/test_transcriber.py::TestTranscriber::test_init_default_model PASSED [ 79%]
tests/test_transcriber.py::TestTranscriber::test_is_available_false PASSED [ 79%]
tests/test_transcriber.py::TestTranscriber::test_is_available_true PASSED [ 79%]
tests/test_transcriber.py::TestTranscriber::test_transcribe_failure PASSED [ 79%]
tests/test_transcriber.py::TestTranscriber::test_transcribe_success PASSED [ 80%]
tests/test_transcriber.py::TestTranscriber::test_transcribe_with_options PASSED [ 80%]
tests/test_transcriber.py::TestConvenienceFunction::test_transcribe_audio_success PASSED [ 80%]
tests/test_transcriber.py::TestConvenienceFunction::test_transcribe_audio_with_options PASSED [ 80%]
tests/test_transcript_editor_live.py::test_text_editor_cut_list_generation PASSED [ 80%]
tests/test_transcript_editor_live.py::test_preview_generator_segments PASSED [ 80%]
tests/test_transcript_editor_live.py::test_text_editor_stats_tracking PASSED [ 81%]
tests/test_transcript_editor_live.py::test_word_level_sync PASSED        [ 81%]
tests/test_transcript_editor_live.py::test_undo_redo_compatibility PASSED [ 81%]
tests/test_transcript_editor_live.py::test_export_formats PASSED         [ 81%]
tests/test_transcript_editor_live.py::test_silence_removal PASSED        [ 81%]
tests/test_transcript_editor_live.py::test_filler_word_detection PASSED  [ 81%]
tests/test_transparency.py::test_api_get_job_decisions_success PASSED    [ 81%]
tests/test_transparency.py::test_api_get_job_decisions_not_found PASSED  [ 82%]
tests/test_video_metadata.py::TestVideoMetadata::test_aspect_ratio_horizontal PASSED [ 82%]
tests/test_video_metadata.py::TestVideoMetadata::test_aspect_ratio_vertical PASSED [ 82%]
tests/test_video_metadata.py::TestVideoMetadata::test_orientation_horizontal PASSED [ 82%]
tests/test_video_metadata.py::TestVideoMetadata::test_orientation_vertical PASSED [ 82%]
tests/test_video_metadata.py::TestVideoMetadata::test_orientation_square PASSED [ 82%]
tests/test_video_metadata.py::TestVideoMetadata::test_resolution PASSED  [ 82%]
tests/test_video_metadata.py::TestVideoMetadata::test_long_side PASSED   [ 83%]
tests/test_video_metadata.py::TestVideoMetadata::test_short_side PASSED  [ 83%]
tests/test_video_metadata.py::TestVideoMetadata::test_to_dict PASSED     [ 83%]
tests/test_video_metadata.py::TestVideoMetadata::test_from_dict PASSED   [ 83%]
tests/test_video_metadata.py::TestOutputProfile::test_default PASSED     [ 83%]
tests/test_video_metadata.py::TestOutputProfile::test_resolution PASSED  [ 83%]
tests/test_video_metadata.py::TestOutputProfile::test_is_4k PASSED       [ 83%]
tests/test_video_metadata.py::TestOutputProfile::test_is_not_4k PASSED   [ 84%]
tests/test_video_metadata.py::TestOutputProfile::test_is_hd PASSED       [ 84%]
tests/test_video_metadata.py::TestOutputProfile::test_to_dict PASSED     [ 84%]
tests/test_video_metadata.py::TestOutputProfile::test_from_dict PASSED   [ 84%]
tests/test_video_metadata.py::TestHelperFunctions::test_parse_frame_rate_fraction PASSED [ 84%]
tests/test_video_metadata.py::TestHelperFunctions::test_parse_frame_rate_integer PASSED [ 84%]
tests/test_video_metadata.py::TestHelperFunctions::test_parse_frame_rate_float PASSED [ 84%]
tests/test_video_metadata.py::TestHelperFunctions::test_parse_frame_rate_empty PASSED [ 85%]
tests/test_video_metadata.py::TestHelperFunctions::test_parse_frame_rate_invalid PASSED [ 85%]
tests/test_video_metadata.py::TestHelperFunctions::test_weighted_median_simple PASSED [ 85%]
tests/test_video_metadata.py::TestHelperFunctions::test_weighted_median_weighted PASSED [ 85%]
tests/test_video_metadata.py::TestHelperFunctions::test_weighted_median_empty PASSED [ 85%]
tests/test_video_metadata.py::TestHelperFunctions::test_even_int_odd PASSED [ 85%]
tests/test_video_metadata.py::TestHelperFunctions::test_even_int_even PASSED [ 86%]
tests/test_video_metadata.py::TestHelperFunctions::test_even_int_minimum PASSED [ 86%]
tests/test_video_metadata.py::TestHelperFunctions::test_snap_aspect_ratio_16_9 PASSED [ 86%]
tests/test_video_metadata.py::TestHelperFunctions::test_snap_aspect_ratio_9_16 PASSED [ 86%]
tests/test_video_metadata.py::TestHelperFunctions::test_snap_aspect_ratio_custom PASSED [ 86%]
tests/test_video_metadata.py::TestHelperFunctions::test_snap_resolution_horizontal PASSED [ 86%]
tests/test_video_metadata.py::TestHelperFunctions::test_snap_resolution_vertical PASSED [ 86%]
tests/test_video_metadata.py::TestHelperFunctions::test_normalize_codec_name_h264 PASSED [ 87%]
tests/test_video_metadata.py::TestHelperFunctions::test_normalize_codec_name_hevc PASSED [ 87%]
tests/test_video_metadata.py::TestProbeMetadata::test_returns_metadata PASSED [ 87%]
tests/test_video_metadata.py::TestProbeMetadata::test_returns_none_on_failure PASSED [ 87%]
tests/test_video_metadata.py::TestMetadataProber::test_probe_calls_function PASSED [ 87%]
tests/test_video_metadata.py::TestMetadataProber::test_probe_many_filters_none PASSED [ 87%]
tests/test_video_metadata.py::TestOutputProfileBuilder::test_build_empty_list PASSED [ 87%]
tests/test_video_metadata.py::TestOutputProfileBuilder::test_build_horizontal_dominant PASSED [ 88%]
tests/test_video_metadata.py::TestOutputProfileBuilder::test_build_vertical_dominant PASSED [ 88%]
tests/test_video_metadata.py::TestDetermineOutputProfile::test_returns_output_profile PASSED [ 88%]
tests/test_video_metadata.py::TestBuildFfmpegParams::test_returns_list PASSED [ 88%]
tests/test_video_metadata.py::TestBuildFfmpegParams::test_with_crf PASSED [ 88%]
tests/test_video_metadata_edge_cases.py::TestResolutionDetection::test_6k_landscape_detection PASSED [ 88%]
tests/test_video_metadata_edge_cases.py::TestResolutionDetection::test_8k_portrait_detection PASSED [ 88%]
tests/test_video_metadata_edge_cases.py::TestResolutionDetection::test_4k_batch_sizing PASSED [ 89%]
tests/test_video_metadata_edge_cases.py::TestResolutionDetection::test_1080p_batch_sizing PASSED [ 89%]
tests/test_video_metadata_edge_cases.py::TestResolutionDetection::test_720p_batch_sizing PASSED [ 89%]
tests/test_video_metadata_edge_cases.py::TestResolutionDetection::test_low_memory_mode_reduces_batch_size PASSED [ 89%]
tests/test_video_metadata_edge_cases.py::TestRAWCodecDetection::test_raw_codec_constants PASSED [ 89%]
tests/test_video_metadata_edge_cases.py::TestRAWCodecDetection::test_prores_raw_triggers_warning_in_logic PASSED [ 89%]
tests/test_video_metadata_edge_cases.py::TestRAWCodecDetection::test_standard_h264_not_in_raw_codecs PASSED [ 89%]
tests/test_video_metadata_edge_cases.py::TestLevelAutoDetection::test_1080p_level_detection PASSED [ 90%]
tests/test_video_metadata_edge_cases.py::TestLevelAutoDetection::test_4k_level_detection_h264 PASSED [ 90%]
tests/test_video_metadata_edge_cases.py::TestLevelAutoDetection::test_4k_level_detection_hevc PASSED [ 90%]
tests/test_video_metadata_edge_cases.py::TestLevelAutoDetection::test_6k_level_detection PASSED [ 90%]
tests/test_video_metadata_edge_cases.py::TestLevelAutoDetection::test_8k_level_detection PASSED [ 90%]
tests/test_video_metadata_edge_cases.py::TestLevelAutoDetection::test_8k_requires_hevc PASSED [ 90%]
tests/test_video_metadata_edge_cases.py::TestAspectRatioEdgeCases::test_ultrawide_6k PASSED [ 91%]
tests/test_video_metadata_edge_cases.py::TestAspectRatioEdgeCases::test_vertical_4k PASSED [ 91%]
tests/test_video_metadata_edge_cases.py::TestAspectRatioEdgeCases::test_anamorphic_6k PASSED [ 91%]
tests/test_video_metadata_edge_cases.py::TestBoundaryConditions::test_exactly_4k_threshold PASSED [ 91%]
tests/test_video_metadata_edge_cases.py::TestBoundaryConditions::test_just_below_4k PASSED [ 91%]
tests/test_video_metadata_edge_cases.py::TestBoundaryConditions::test_exactly_6k_threshold PASSED [ 91%]
tests/test_video_metadata_edge_cases.py::TestBoundaryConditions::test_just_below_6k PASSED [ 91%]
tests/test_video_metadata_edge_cases.py::TestMemoryConstraints::test_6k_low_memory_batch_size PASSED [ 92%]
tests/test_video_metadata_edge_cases.py::TestMemoryConstraints::test_4k_low_memory_batch_size PASSED [ 92%]
tests/test_video_metadata_edge_cases.py::TestMemoryConstraints::test_1080p_low_memory_batch_size PASSED [ 92%]
tests/test_video_metadata_edge_cases.py::TestCodecCompatibility::test_hevc_supports_all_resolutions PASSED [ 92%]
tests/test_video_metadata_edge_cases.py::TestCodecCompatibility::test_h264_limited_to_6k PASSED [ 92%]
tests/test_web_internal_testjob.py::test_dev_testjob_post_enqueues_and_creates_jobs PASSED [ 92%]
tests/test_web_internal_testjob.py::test_enqueue_montage_uses_correct_queue_and_logs PASSED [ 92%]
tests/test_web_ui.py::test_index_page PASSED                             [ 93%]
tests/test_web_ui.py::test_api_status PASSED                             [ 93%]
tests/test_web_ui.py::test_api_list_files PASSED                         [ 93%]
tests/test_web_ui.py::test_api_list_styles PASSED                        [ 93%]
tests/test_web_ui.py::test_api_create_job PASSED                         [ 93%]
tests/test_web_ui.py::test_api_create_job_missing_style PASSED           [ 93%]
tests/test_web_ui.py::test_api_list_jobs PASSED                          [ 93%]
tests/test_web_ui.py::test_api_get_job_not_found PASSED                  [ 94%]
tests/test_web_ui.py::test_file_upload_validation PASSED                 [ 94%]
tests/test_web_ui_options.py::test_normalize_options_defaults PASSED     [ 94%]
tests/test_web_ui_options.py::test_normalize_options_flat_structure PASSED [ 94%]
tests/test_web_ui_options.py::test_normalize_options_nested_structure PASSED [ 94%]
tests/test_web_ui_options.py::test_normalize_options_music_end_derivation PASSED [ 94%]
tests/test_web_ui_options.py::test_normalize_options_music_end_explicit PASSED [ 94%]
tests/test_web_ui_options.py::test_normalize_options_clamping PASSED     [ 95%]
tests/test_web_ui_options.py::test_job_submission_queues_job PASSED      [ 95%]
tests/test_web_ui_options.py::test_multiple_job_submission PASSED        [ 95%]
tests/test_web_ui_shorts.py::test_normalize_options_shorts_mode PASSED   [ 95%]
tests/test_web_ui_shorts.py::test_normalize_options_export_resolution PASSED [ 95%]
tests/test_web_ui_shorts.py::test_api_create_job_preview_resolution PASSED [ 95%]
tests/test_web_ui_shorts.py::test_api_create_job_preview_shorts_resolution PASSED [ 96%]
tests/test_web_ui_shorts.py::test_api_create_job_preview_shorts_nested PASSED [ 96%]
tests/test_web_ui_sse.py::test_format_sse PASSED                         [ 96%]
tests/test_web_ui_sse.py::test_announcer_broadcast PASSED                [ 96%]
tests/test_web_ui_sse.py::test_announcer_dead_listener_cleanup PASSED    [ 96%]
tests/test_web_ui_sse.py::test_stream_route_exists PASSED                [ 96%]
tests/test_workflow_integration.py::test_montage_workflow_run_sequence PASSED [ 96%]
tests/test_workflow_integration.py::test_montage_builder_integrates_proxy_generator PASSED [ 97%]
tests/test_workflow_progress_persistence.py::test_update_progress_uses_best_effort_for_small_percent PASSED [ 97%]
tests/test_workflow_progress_persistence.py::test_update_progress_uses_retry_for_high_percent PASSED [ 97%]
tests/unit/test_dry_modules.py::TestAPIDecorators::test_api_endpoint_success PASSED [ 97%]
tests/unit/test_dry_modules.py::TestAPIDecorators::test_api_endpoint_file_not_found PASSED [ 97%]
tests/unit/test_dry_modules.py::TestAPIDecorators::test_api_endpoint_value_error PASSED [ 97%]
tests/unit/test_dry_modules.py::TestAPIDecorators::test_api_endpoint_generic_error PASSED [ 97%]
tests/unit/test_dry_modules.py::TestAPIDecorators::test_require_json_validates_fields PASSED [ 98%]
tests/unit/test_dry_modules.py::TestAPIDecorators::test_require_json_passes_valid PASSED [ 98%]
tests/unit/test_dry_modules.py::TestFFmpegAtomics::test_atomic_ffmpeg_success PASSED [ 98%]
tests/unit/test_dry_modules.py::TestFFmpegAtomics::test_atomic_ffmpeg_failure_cleanup PASSED [ 98%]
tests/unit/test_dry_modules.py::TestFFmpegAtomics::test_concat_list_manager_escapes_paths PASSED [ 98%]
tests/unit/test_dry_modules.py::TestFFmpegAtomics::test_concat_list_manager_cleanup PASSED [ 98%]
tests/unit/test_ffmpeg_config.py::test_cpu_video_params_respects_overrides PASSED [ 98%]
tests/unit/test_ffmpeg_config.py::test_get_preview_video_params_uses_preview_settings PASSED [ 99%]
tests/unit/test_registry.py::test_check_port_success PASSED              [ 99%]
tests/unit/test_registry.py::test_check_port_failure PASSED              [ 99%]
tests/unit/test_registry.py::test_check_registry_http_ok PASSED          [ 99%]
tests/unit/test_registry.py::test_check_registry_http_auth PASSED        [ 99%]
tests/unit/test_registry.py::test_check_registry_http_failure PASSED     [ 99%]
tests/unit/test_registry.py::test_check_registry_ports PASSED            [100%]

=========================== short test summary info ============================
SKIPPED [1] tests/integration/test_cli_backend_integration.py:279: File listing unavailable in test environment
SKIPPED [1] tests/integration/test_dev_testjob.py:9: scale tests disabled
SKIPPED [1] tests/integration/test_enqueue_redis.py:13: scale tests disabled
SKIPPED [1] tests/integration/test_preview_e2e_dev.py:8: Dev e2e tests are opt-in
SKIPPED [1] tests/integration/test_preview_slo.py:11: scale tests disabled
SKIPPED [1] tests/integration/test_preview_smoke_ci.py:9: Dev e2e tests are opt-in
SKIPPED [1] tests/integration/test_queue_scaling.py:11: scale tests disabled
SKIPPED [1] tests/integration/test_transcript_flow_manual.py:32: Transcript service unavailable for file listing
SKIPPED [1] tests/performance_tests/test_cgpu_integration.py:42: CGPU integration test infrastructure needs update - mkdir mock not working
SKIPPED [1] tests/test_editor_basic.py:83: librosa/numba has environment-specific compilation issues
SKIPPED [1] tests/test_fast_imports.py:29: montage_ai.auto_reframe already imported in this session
SKIPPED [1] tests/test_scene_detection_highres.py:297: Manual performance test - requires real video files
================= 667 passed, 12 skipped, 2 warnings in 40.62s =================
